// Jest Snapshot v1, https://goo.gl/fbAQLP

exports[`Timer component works 1`] = `
<div>
  A timer
</div>
`;
